Traceback (most recent call last):
  File "/home/qcomputing/venv/lib/python3.12/site-packages/jupyter_cache/executors/utils.py", line 58, in single_nb_execution
    executenb(
  File "/home/qcomputing/venv/lib/python3.12/site-packages/nbclient/client.py", line 1323, in execute
    return NotebookClient(nb=nb, resources=resources, km=km, **kwargs).execute()
           ^^^^^^^^^^^^^^^^^^^^^^^^^^^^^^^^^^^^^^^^^^^^^^^^^^^^^^^^^^^^^^^^^^^^^
  File "/home/qcomputing/venv/lib/python3.12/site-packages/jupyter_core/utils/__init__.py", line 165, in wrapped
    return loop.run_until_complete(inner)
           ^^^^^^^^^^^^^^^^^^^^^^^^^^^^^^
  File "/usr/lib/python3.12/asyncio/base_events.py", line 687, in run_until_complete
    return future.result()
           ^^^^^^^^^^^^^^^
  File "/home/qcomputing/venv/lib/python3.12/site-packages/nbclient/client.py", line 709, in async_execute
    await self.async_execute_cell(
  File "/home/qcomputing/venv/lib/python3.12/site-packages/nbclient/client.py", line 1062, in async_execute_cell
    await self._check_raise_for_error(cell, cell_index, exec_reply)
  File "/home/qcomputing/venv/lib/python3.12/site-packages/nbclient/client.py", line 918, in _check_raise_for_error
    raise CellExecutionError.from_cell_and_msg(cell, exec_reply_content)
nbclient.exceptions.CellExecutionError: An error occurred while executing the following cell:
------------------
cfg = CKKSConfig(
    ring_dim=1 << 16,        # 65536 — needed for 128-bit secure bootstrap
    batch_size=1 << 15,      # 32768 SIMD slots
    mult_depth=25,
    levels_after_bootstrap=10,
)
    
clf = FHELogisticRegression(
    cfg=cfg,
    learning_rate=1.0,
    epochs=20,
    bootstrap_every=2,       # one bootstrap every two epochs
)

print(">>> Encrypting training data and running gradient descent under FHE...")
clf.fit(X_train, train.y)
------------------


[31m---------------------------------------------------------------------------[39m
[31mNameError[39m                                 Traceback (most recent call last)
[36mCell[39m[36m [39m[32mIn[6][39m[32m, line 1[39m
[32m----> [39m[32m1[39m cfg = CKKSConfig(
[32m      2[39m     ring_dim=[32m1[39m << [32m16[39m,        [38;5;66;03m# 65536 — needed for 128-bit secure bootstrap[39;00m
[32m      3[39m     batch_size=[32m1[39m << [32m15[39m,      [38;5;66;03m# 32768 SIMD slots[39;00m
[32m      4[39m     mult_depth=[32m25[39m,

[31mNameError[39m: name 'CKKSConfig' is not defined

